2026-05-11 20:53:53,500 - INFO - ========== ЗАПУСК ETL-ПАЙПЛАЙНА ==========
2026-05-11 20:53:53,501 - INFO - Источник данных: data/web_logs.csv
2026-05-11 20:53:53,502 - INFO - ЭТАП 1: EXTRACT - начало извлечения данных
2026-05-11 20:53:53,512 - INFO - EXTRACT: Успешно извлечено 7 строк из data/web_logs.csv
2026-05-11 20:53:53,512 - INFO - ЭТАП 2: TRANSFORM - начало очистки (строк: 7)
2026-05-11 20:53:53,512 - INFO - TRANSFORM: Начало обработки 7 строк
2026-05-11 20:53:53,517 - INFO - TRANSFORM: Колонки переименованы
2026-05-11 20:53:53,521 - INFO - TRANSFORM: Удалено дубликатов: 0
2026-05-11 20:53:53,529 - INFO - TRANSFORM: Некорректных значений response_time: 1
2026-05-11 20:53:53,537 - INFO - TRANSFORM: Некорректных дат: 1
2026-05-11 20:53:53,543 - INFO - TRANSFORM: Запросы разобраны на метод и путь
2026-05-11 20:53:53,549 - INFO - TRANSFORM: Удалено строк с пропусками: 1
2026-05-11 20:53:53,551 - INFO - TRANSFORM: Удалено некорректных IP: 0
2026-05-11 20:53:53,556 - INFO - TRANSFORM: Удалено некорректных status_code: 0
2026-05-11 20:53:53,556 - INFO - TRANSFORM: ИТОГО - удалено грязных строк: 1, чистых: 6
2026-05-11 20:53:53,557 - INFO - ЭТАП 2: TRANSFORM - завершен (чистых строк: 6)
2026-05-11 20:53:53,558 - INFO - ЭТАП 2.5: АГРЕГАЦИЯ - вычисление статистики
2026-05-11 20:53:53,558 - INFO - АГРЕГАЦИЯ: Вычисление статистики...
2026-05-11 20:53:53,603 - INFO - АГРЕГАЦИЯ: Статистика по методам:
  http_method  request_count  avg_response_time_ms  error_rate_percent
0         GET              5                  36.7                20.0
1        POST              1                  45.9                 0.0
2026-05-11 20:53:53,632 - INFO - АГРЕГАЦИЯ: Почасовая статистика:
   hour  total_requests  avg_response_time_ms  unique_visitors
0    10               6             38.233333                4
2026-05-11 20:53:53,656 - INFO - АГРЕГАЦИЯ: Топ страниц:
           url_path  visit_count  avg_response_time_ms
2             /home            2                 13.95
0            /about            1                 30.10
1         /api/data            1                120.50
3  /images/logo.png            1                  5.00
4            /login            1                 45.90
2026-05-11 20:53:53,686 - INFO - АГРЕГАЦИЯ: Результаты сохранены в CSV-файлы
2026-05-11 20:53:53,687 - INFO - ЭТАП 2.5: АГРЕГАЦИЯ - создано 3 агрегированных записей
2026-05-11 20:53:53,688 - INFO - ЭТАП 3: LOAD - загрузка в БД
2026-05-11 20:53:53,689 - INFO - LOAD: Начало загрузки данных...
2026-05-11 20:53:53,742 - INFO - LOAD: Текущее количество записей в БД: 6
2026-05-11 20:53:53,761 - INFO - LOAD: Удалено 6 старых записей (идемпотентность)
2026-05-11 20:53:53,772 - INFO - LOAD: Успешно загружено 6 записей в таблицу WebLog
2026-05-11 20:53:53,773 - INFO - ========== ETL-ПАЙПЛАЙН УСПЕШНО ЗАВЕРШЕН ==========
